<?xml version="1.0"?>
<link_info>
   <banner>TMS320C2000 Linker PC v15.12.1.LTS</banner>
   <copyright>Copyright (c) 1996-2015 Texas Instruments Incorporated</copyright>
   <link_time>0x6725d7ea</link_time>
   <link_errors>0x0</link_errors>
   <output_file>example_demo.out</output_file>
   <entry_point>
      <name>_c_int00</name>
      <address>0x9323</address>
   </entry_point>
   <input_file_list>
      <input_file id="fl-2">
         <path>.\DSP2833x_Libraries\</path>
         <kind>object</kind>
         <file>DSP2833x_ADC_cal.obj</file>
         <name>DSP2833x_ADC_cal.obj</name>
      </input_file>
      <input_file id="fl-3">
         <path>.\DSP2833x_Libraries\</path>
         <kind>object</kind>
         <file>DSP2833x_CodeStartBranch.obj</file>
         <name>DSP2833x_CodeStartBranch.obj</name>
      </input_file>
      <input_file id="fl-4">
         <path>.\DSP2833x_Libraries\</path>
         <kind>object</kind>
         <file>DSP2833x_DefaultIsr.obj</file>
         <name>DSP2833x_DefaultIsr.obj</name>
      </input_file>
      <input_file id="fl-5">
         <path>.\DSP2833x_Libraries\</path>
         <kind>object</kind>
         <file>DSP2833x_Gpio.obj</file>
         <name>DSP2833x_Gpio.obj</name>
      </input_file>
      <input_file id="fl-6">
         <path>.\DSP2833x_Libraries\</path>
         <kind>object</kind>
         <file>DSP2833x_PieCtrl.obj</file>
         <name>DSP2833x_PieCtrl.obj</name>
      </input_file>
      <input_file id="fl-7">
         <path>.\DSP2833x_Libraries\</path>
         <kind>object</kind>
         <file>DSP2833x_PieVect.obj</file>
         <name>DSP2833x_PieVect.obj</name>
      </input_file>
      <input_file id="fl-8">
         <path>.\DSP2833x_Libraries\</path>
         <kind>object</kind>
         <file>DSP2833x_SysCtrl.obj</file>
         <name>DSP2833x_SysCtrl.obj</name>
      </input_file>
      <input_file id="fl-9">
         <path>.\DSP2833x_Libraries\</path>
         <kind>object</kind>
         <file>DSP2833x_usDelay.obj</file>
         <name>DSP2833x_usDelay.obj</name>
      </input_file>
      <input_file id="fl-a">
         <path>.\User\</path>
         <kind>object</kind>
         <file>main.obj</file>
         <name>main.obj</name>
      </input_file>
      <input_file id="fl-16">
         <path>C:\ti\ccsv6\tools\compiler\ti-cgt-c2000_15.12.1.LTS\lib\</path>
         <kind>archive</kind>
         <file>rts2800_fpu32.lib</file>
         <name>boot.obj</name>
      </input_file>
      <input_file id="fl-17">
         <path>C:\ti\ccsv6\tools\compiler\ti-cgt-c2000_15.12.1.LTS\lib\</path>
         <kind>archive</kind>
         <file>rts2800_fpu32.lib</file>
         <name>cpy_tbl.obj</name>
      </input_file>
      <input_file id="fl-18">
         <path>C:\ti\ccsv6\tools\compiler\ti-cgt-c2000_15.12.1.LTS\lib\</path>
         <kind>archive</kind>
         <file>rts2800_fpu32.lib</file>
         <name>cpy_utils.obj</name>
      </input_file>
      <input_file id="fl-19">
         <path>C:\ti\ccsv6\tools\compiler\ti-cgt-c2000_15.12.1.LTS\lib\</path>
         <kind>archive</kind>
         <file>rts2800_fpu32.lib</file>
         <name>exit.obj</name>
      </input_file>
      <input_file id="fl-1a">
         <path>C:\ti\ccsv6\tools\compiler\ti-cgt-c2000_15.12.1.LTS\lib\</path>
         <kind>archive</kind>
         <file>rts2800_fpu32.lib</file>
         <name>pre_init.obj</name>
      </input_file>
      <input_file id="fl-1b">
         <path>C:\ti\ccsv6\tools\compiler\ti-cgt-c2000_15.12.1.LTS\lib\</path>
         <kind>archive</kind>
         <file>rts2800_fpu32.lib</file>
         <name>startup.obj</name>
      </input_file>
      <input_file id="fl-1c">
         <path>C:\ti\ccsv6\tools\compiler\ti-cgt-c2000_15.12.1.LTS\lib\</path>
         <kind>archive</kind>
         <file>rts2800_fpu32.lib</file>
         <name>_lock.obj</name>
      </input_file>
      <input_file id="fl-1d">
         <path>C:\ti\ccsv6\tools\compiler\ti-cgt-c2000_15.12.1.LTS\lib\</path>
         <kind>archive</kind>
         <file>rts2800_fpu32.lib</file>
         <name>args_main.obj</name>
      </input_file>
   </input_file_list>
   <object_component_list>
      <object_component id="oc-52">
         <name>codestart</name>
         <load_address>0x0</load_address>
         <run_address>0x0</run_address>
         <size>0x2</size>
         <input_file_ref idref="fl-3"/>
      </object_component>
      <object_component id="oc-71">
         <name>ramfuncs</name>
         <load_address>0x801a</load_address>
         <run_address>0x801a</run_address>
         <size>0x4</size>
         <input_file_ref idref="fl-9"/>
      </object_component>
      <object_component id="oc-58">
         <name>.text:retain</name>
         <load_address>0x9000</load_address>
         <run_address>0x9000</run_address>
         <size>0x323</size>
         <input_file_ref idref="fl-4"/>
      </object_component>
      <object_component id="oc-4b">
         <name>.text</name>
         <load_address>0x9323</load_address>
         <run_address>0x9323</run_address>
         <size>0x56</size>
         <input_file_ref idref="fl-16"/>
      </object_component>
      <object_component id="oc-a7">
         <name>.text</name>
         <load_address>0x9379</load_address>
         <run_address>0x9379</run_address>
         <size>0x46</size>
         <input_file_ref idref="fl-17"/>
      </object_component>
      <object_component id="oc-aa">
         <name>.text</name>
         <load_address>0x93bf</load_address>
         <run_address>0x93bf</run_address>
         <size>0x29</size>
         <input_file_ref idref="fl-19"/>
      </object_component>
      <object_component id="oc-86">
         <name>.text</name>
         <load_address>0x93e8</load_address>
         <run_address>0x93e8</run_address>
         <size>0x1a</size>
         <input_file_ref idref="fl-18"/>
      </object_component>
      <object_component id="oc-a9">
         <name>.text</name>
         <load_address>0x9402</load_address>
         <run_address>0x9402</run_address>
         <size>0x19</size>
         <input_file_ref idref="fl-1d"/>
      </object_component>
      <object_component id="oc-ae">
         <name>.text</name>
         <load_address>0x941b</load_address>
         <run_address>0x941b</run_address>
         <size>0x9</size>
         <input_file_ref idref="fl-1c"/>
      </object_component>
      <object_component id="oc-51">
         <name>.text</name>
         <load_address>0x9424</load_address>
         <run_address>0x9424</run_address>
         <size>0x8</size>
         <input_file_ref idref="fl-3"/>
      </object_component>
      <object_component id="oc-a6">
         <name>.text</name>
         <load_address>0x942c</load_address>
         <run_address>0x942c</run_address>
         <size>0x2</size>
         <input_file_ref idref="fl-1a"/>
      </object_component>
      <object_component id="oc-ab">
         <name>.text</name>
         <load_address>0x942e</load_address>
         <run_address>0x942e</run_address>
         <size>0x1</size>
         <input_file_ref idref="fl-a"/>
      </object_component>
      <object_component id="oc-a8">
         <name>.text</name>
         <load_address>0x942f</load_address>
         <run_address>0x942f</run_address>
         <size>0x1</size>
         <input_file_ref idref="fl-1b"/>
      </object_component>
      <object_component id="oc-8c">
         <name>.cinit</name>
         <load_address>0x8000</load_address>
         <run_address>0x8000</run_address>
         <size>0xe</size>
         <input_file_ref idref="fl-19"/>
      </object_component>
      <object_component id="oc-ad">
         <name>.cinit:__lock</name>
         <load_address>0x800e</load_address>
         <run_address>0x800e</run_address>
         <size>0x5</size>
         <input_file_ref idref="fl-1c"/>
      </object_component>
      <object_component id="oc-af">
         <name>.cinit:__unlock</name>
         <load_address>0x8013</load_address>
         <run_address>0x8013</run_address>
         <size>0x5</size>
         <input_file_ref idref="fl-1c"/>
      </object_component>
      <object_component id="oc-7b">
         <name>.stack</name>
         <uninitialized>true</uninitialized>
         <run_address>0x400</run_address>
         <size>0x0</size>
         <input_file_ref idref="fl-16"/>
      </object_component>
      <object_component id="oc-106">
         <name>.stack</name>
         <uninitialized>true</uninitialized>
         <run_address>0x400</run_address>
         <size>0x0</size>
      </object_component>
      <object_component id="oc-8d">
         <name>.ebss</name>
         <uninitialized>true</uninitialized>
         <run_address>0xc000</run_address>
         <size>0x6</size>
         <input_file_ref idref="fl-19"/>
      </object_component>
      <object_component id="oc-b0">
         <name>.ebss:__unlock</name>
         <uninitialized>true</uninitialized>
         <run_address>0xc008</run_address>
         <size>0x2</size>
         <input_file_ref idref="fl-1c"/>
      </object_component>
      <object_component id="oc-ac">
         <name>.ebss:__lock</name>
         <uninitialized>true</uninitialized>
         <run_address>0xc006</run_address>
         <size>0x2</size>
         <input_file_ref idref="fl-1c"/>
      </object_component>
      <object_component id="oc-7c">
         <name>.reset</name>
         <load_address>0x3fffc0</load_address>
         <run_address>0x3fffc0</run_address>
         <size>0x2</size>
         <input_file_ref idref="fl-16"/>
      </object_component>
      <object_component id="oc-4c">
         <name>.adc_cal</name>
         <load_address>0x380080</load_address>
         <run_address>0x380080</run_address>
         <size>0x7</size>
         <input_file_ref idref="fl-2"/>
      </object_component>
      <object_component id="oc-4d">
         <name>.debug_info</name>
         <load_address>0x0</load_address>
         <run_address>0x0</run_address>
         <size>0x105</size>
         <input_file_ref idref="fl-2"/>
      </object_component>
      <object_component id="oc-53">
         <name>.debug_info</name>
         <load_address>0x105</load_address>
         <run_address>0x105</run_address>
         <size>0x14f</size>
         <input_file_ref idref="fl-3"/>
      </object_component>
      <object_component id="oc-57">
         <name>.debug_info</name>
         <load_address>0x254</load_address>
         <run_address>0x254</run_address>
         <size>0x2c56</size>
         <input_file_ref idref="fl-4"/>
      </object_component>
      <object_component id="oc-5d">
         <name>.debug_info</name>
         <load_address>0x2eaa</load_address>
         <run_address>0x2eaa</run_address>
         <size>0x1ba5</size>
         <input_file_ref idref="fl-5"/>
      </object_component>
      <object_component id="oc-62">
         <name>.debug_info</name>
         <load_address>0x4a4f</load_address>
         <run_address>0x4a4f</run_address>
         <size>0xa87</size>
         <input_file_ref idref="fl-6"/>
      </object_component>
      <object_component id="oc-67">
         <name>.debug_info</name>
         <load_address>0x54d6</load_address>
         <run_address>0x54d6</run_address>
         <size>0x21f2</size>
         <input_file_ref idref="fl-7"/>
      </object_component>
      <object_component id="oc-6c">
         <name>.debug_info</name>
         <load_address>0x76c8</load_address>
         <run_address>0x76c8</run_address>
         <size>0x1c4a</size>
         <input_file_ref idref="fl-8"/>
      </object_component>
      <object_component id="oc-72">
         <name>.debug_info</name>
         <load_address>0x9312</load_address>
         <run_address>0x9312</run_address>
         <size>0x105</size>
         <input_file_ref idref="fl-9"/>
      </object_component>
      <object_component id="oc-76">
         <name>.debug_info</name>
         <load_address>0x9417</load_address>
         <run_address>0x9417</run_address>
         <size>0x38c</size>
         <input_file_ref idref="fl-a"/>
      </object_component>
      <object_component id="oc-7d">
         <name>.debug_info</name>
         <load_address>0x97a3</load_address>
         <run_address>0x97a3</run_address>
         <size>0x187</size>
         <input_file_ref idref="fl-16"/>
      </object_component>
      <object_component id="oc-81">
         <name>.debug_info</name>
         <load_address>0x992a</load_address>
         <run_address>0x992a</run_address>
         <size>0x643</size>
         <input_file_ref idref="fl-17"/>
      </object_component>
      <object_component id="oc-87">
         <name>.debug_info</name>
         <load_address>0x9f6d</load_address>
         <run_address>0x9f6d</run_address>
         <size>0x12e</size>
         <input_file_ref idref="fl-18"/>
      </object_component>
      <object_component id="oc-8b">
         <name>.debug_info</name>
         <load_address>0xa09b</load_address>
         <run_address>0xa09b</run_address>
         <size>0x5c7</size>
         <input_file_ref idref="fl-19"/>
      </object_component>
      <object_component id="oc-92">
         <name>.debug_info</name>
         <load_address>0xa662</load_address>
         <run_address>0xa662</run_address>
         <size>0x3fe</size>
         <input_file_ref idref="fl-1a"/>
      </object_component>
      <object_component id="oc-97">
         <name>.debug_info</name>
         <load_address>0xaa60</load_address>
         <run_address>0xaa60</run_address>
         <size>0x3fb</size>
         <input_file_ref idref="fl-1b"/>
      </object_component>
      <object_component id="oc-9c">
         <name>.debug_info</name>
         <load_address>0xae5b</load_address>
         <run_address>0xae5b</run_address>
         <size>0x51d</size>
         <input_file_ref idref="fl-1c"/>
      </object_component>
      <object_component id="oc-a1">
         <name>.debug_info</name>
         <load_address>0xb378</load_address>
         <run_address>0xb378</run_address>
         <size>0x4ea</size>
         <input_file_ref idref="fl-1d"/>
      </object_component>
      <object_component id="oc-107">
         <name>.debug_info</name>
         <load_address>0xb862</load_address>
         <run_address>0xb862</run_address>
         <size>0x98</size>
      </object_component>
      <object_component id="oc-4e">
         <name>.debug_line</name>
         <load_address>0x0</load_address>
         <run_address>0x0</run_address>
         <size>0x5c</size>
         <input_file_ref idref="fl-2"/>
      </object_component>
      <object_component id="oc-54">
         <name>.debug_line</name>
         <load_address>0x5c</load_address>
         <run_address>0x5c</run_address>
         <size>0x74</size>
         <input_file_ref idref="fl-3"/>
      </object_component>
      <object_component id="oc-5a">
         <name>.debug_line</name>
         <load_address>0xd0</load_address>
         <run_address>0xd0</run_address>
         <size>0x775</size>
         <input_file_ref idref="fl-4"/>
      </object_component>
      <object_component id="oc-5f">
         <name>.debug_line</name>
         <load_address>0x845</load_address>
         <run_address>0x845</run_address>
         <size>0x46</size>
         <input_file_ref idref="fl-5"/>
      </object_component>
      <object_component id="oc-64">
         <name>.debug_line</name>
         <load_address>0x88b</load_address>
         <run_address>0x88b</run_address>
         <size>0x49</size>
         <input_file_ref idref="fl-6"/>
      </object_component>
      <object_component id="oc-69">
         <name>.debug_line</name>
         <load_address>0x8d4</load_address>
         <run_address>0x8d4</run_address>
         <size>0x49</size>
         <input_file_ref idref="fl-7"/>
      </object_component>
      <object_component id="oc-6e">
         <name>.debug_line</name>
         <load_address>0x91d</load_address>
         <run_address>0x91d</run_address>
         <size>0x49</size>
         <input_file_ref idref="fl-8"/>
      </object_component>
      <object_component id="oc-73">
         <name>.debug_line</name>
         <load_address>0x966</load_address>
         <run_address>0x966</run_address>
         <size>0x5b</size>
         <input_file_ref idref="fl-9"/>
      </object_component>
      <object_component id="oc-78">
         <name>.debug_line</name>
         <load_address>0x9c1</load_address>
         <run_address>0x9c1</run_address>
         <size>0x40</size>
         <input_file_ref idref="fl-a"/>
      </object_component>
      <object_component id="oc-7e">
         <name>.debug_line</name>
         <load_address>0xa01</load_address>
         <run_address>0xa01</run_address>
         <size>0x7e</size>
         <input_file_ref idref="fl-16"/>
      </object_component>
      <object_component id="oc-83">
         <name>.debug_line</name>
         <load_address>0xa7f</load_address>
         <run_address>0xa7f</run_address>
         <size>0x6a</size>
         <input_file_ref idref="fl-17"/>
      </object_component>
      <object_component id="oc-88">
         <name>.debug_line</name>
         <load_address>0xae9</load_address>
         <run_address>0xae9</run_address>
         <size>0x50</size>
         <input_file_ref idref="fl-18"/>
      </object_component>
      <object_component id="oc-8f">
         <name>.debug_line</name>
         <load_address>0xb39</load_address>
         <run_address>0xb39</run_address>
         <size>0x65</size>
         <input_file_ref idref="fl-19"/>
      </object_component>
      <object_component id="oc-94">
         <name>.debug_line</name>
         <load_address>0xb9e</load_address>
         <run_address>0xb9e</run_address>
         <size>0x3e</size>
         <input_file_ref idref="fl-1a"/>
      </object_component>
      <object_component id="oc-99">
         <name>.debug_line</name>
         <load_address>0xbdc</load_address>
         <run_address>0xbdc</run_address>
         <size>0x3a</size>
         <input_file_ref idref="fl-1b"/>
      </object_component>
      <object_component id="oc-9e">
         <name>.debug_line</name>
         <load_address>0xc16</load_address>
         <run_address>0xc16</run_address>
         <size>0x5e</size>
         <input_file_ref idref="fl-1c"/>
      </object_component>
      <object_component id="oc-a3">
         <name>.debug_line</name>
         <load_address>0xc74</load_address>
         <run_address>0xc74</run_address>
         <size>0x55</size>
         <input_file_ref idref="fl-1d"/>
      </object_component>
      <object_component id="oc-4f">
         <name>.debug_abbrev</name>
         <load_address>0x0</load_address>
         <run_address>0x0</run_address>
         <size>0x2f</size>
         <input_file_ref idref="fl-2"/>
      </object_component>
      <object_component id="oc-55">
         <name>.debug_abbrev</name>
         <load_address>0x2f</load_address>
         <run_address>0x2f</run_address>
         <size>0x21</size>
         <input_file_ref idref="fl-3"/>
      </object_component>
      <object_component id="oc-5b">
         <name>.debug_abbrev</name>
         <load_address>0x50</load_address>
         <run_address>0x50</run_address>
         <size>0xde</size>
         <input_file_ref idref="fl-4"/>
      </object_component>
      <object_component id="oc-60">
         <name>.debug_abbrev</name>
         <load_address>0x12e</load_address>
         <run_address>0x12e</run_address>
         <size>0xdc</size>
         <input_file_ref idref="fl-5"/>
      </object_component>
      <object_component id="oc-65">
         <name>.debug_abbrev</name>
         <load_address>0x20a</load_address>
         <run_address>0x20a</run_address>
         <size>0xc8</size>
         <input_file_ref idref="fl-6"/>
      </object_component>
      <object_component id="oc-6a">
         <name>.debug_abbrev</name>
         <load_address>0x2d2</load_address>
         <run_address>0x2d2</run_address>
         <size>0x116</size>
         <input_file_ref idref="fl-7"/>
      </object_component>
      <object_component id="oc-6f">
         <name>.debug_abbrev</name>
         <load_address>0x3e8</load_address>
         <run_address>0x3e8</run_address>
         <size>0x17b</size>
         <input_file_ref idref="fl-8"/>
      </object_component>
      <object_component id="oc-74">
         <name>.debug_abbrev</name>
         <load_address>0x563</load_address>
         <run_address>0x563</run_address>
         <size>0x2f</size>
         <input_file_ref idref="fl-9"/>
      </object_component>
      <object_component id="oc-79">
         <name>.debug_abbrev</name>
         <load_address>0x592</load_address>
         <run_address>0x592</run_address>
         <size>0x63</size>
         <input_file_ref idref="fl-a"/>
      </object_component>
      <object_component id="oc-7f">
         <name>.debug_abbrev</name>
         <load_address>0x5f5</load_address>
         <run_address>0x5f5</run_address>
         <size>0x46</size>
         <input_file_ref idref="fl-16"/>
      </object_component>
      <object_component id="oc-84">
         <name>.debug_abbrev</name>
         <load_address>0x63b</load_address>
         <run_address>0x63b</run_address>
         <size>0xfa</size>
         <input_file_ref idref="fl-17"/>
      </object_component>
      <object_component id="oc-89">
         <name>.debug_abbrev</name>
         <load_address>0x735</load_address>
         <run_address>0x735</run_address>
         <size>0x32</size>
         <input_file_ref idref="fl-18"/>
      </object_component>
      <object_component id="oc-90">
         <name>.debug_abbrev</name>
         <load_address>0x767</load_address>
         <run_address>0x767</run_address>
         <size>0x142</size>
         <input_file_ref idref="fl-19"/>
      </object_component>
      <object_component id="oc-95">
         <name>.debug_abbrev</name>
         <load_address>0x8a9</load_address>
         <run_address>0x8a9</run_address>
         <size>0x68</size>
         <input_file_ref idref="fl-1a"/>
      </object_component>
      <object_component id="oc-9a">
         <name>.debug_abbrev</name>
         <load_address>0x911</load_address>
         <run_address>0x911</run_address>
         <size>0x66</size>
         <input_file_ref idref="fl-1b"/>
      </object_component>
      <object_component id="oc-9f">
         <name>.debug_abbrev</name>
         <load_address>0x977</load_address>
         <run_address>0x977</run_address>
         <size>0xb2</size>
         <input_file_ref idref="fl-1c"/>
      </object_component>
      <object_component id="oc-a4">
         <name>.debug_abbrev</name>
         <load_address>0xa29</load_address>
         <run_address>0xa29</run_address>
         <size>0xfe</size>
         <input_file_ref idref="fl-1d"/>
      </object_component>
      <object_component id="oc-108">
         <name>.debug_abbrev</name>
         <load_address>0xb27</load_address>
         <run_address>0xb27</run_address>
         <size>0xf</size>
      </object_component>
      <object_component id="oc-50">
         <name>.debug_aranges</name>
         <load_address>0x0</load_address>
         <run_address>0x0</run_address>
         <size>0x20</size>
         <input_file_ref idref="fl-2"/>
      </object_component>
      <object_component id="oc-56">
         <name>.debug_aranges</name>
         <load_address>0x20</load_address>
         <run_address>0x20</run_address>
         <size>0x28</size>
         <input_file_ref idref="fl-3"/>
      </object_component>
      <object_component id="oc-5c">
         <name>.debug_aranges</name>
         <load_address>0x48</load_address>
         <run_address>0x48</run_address>
         <size>0x298</size>
         <input_file_ref idref="fl-4"/>
      </object_component>
      <object_component id="oc-61">
         <name>.debug_aranges</name>
         <load_address>0x2e0</load_address>
         <run_address>0x2e0</run_address>
         <size>0x18</size>
         <input_file_ref idref="fl-5"/>
      </object_component>
      <object_component id="oc-66">
         <name>.debug_aranges</name>
         <load_address>0x2f8</load_address>
         <run_address>0x2f8</run_address>
         <size>0x18</size>
         <input_file_ref idref="fl-6"/>
      </object_component>
      <object_component id="oc-6b">
         <name>.debug_aranges</name>
         <load_address>0x310</load_address>
         <run_address>0x310</run_address>
         <size>0x18</size>
         <input_file_ref idref="fl-7"/>
      </object_component>
      <object_component id="oc-70">
         <name>.debug_aranges</name>
         <load_address>0x328</load_address>
         <run_address>0x328</run_address>
         <size>0x18</size>
         <input_file_ref idref="fl-8"/>
      </object_component>
      <object_component id="oc-75">
         <name>.debug_aranges</name>
         <load_address>0x340</load_address>
         <run_address>0x340</run_address>
         <size>0x20</size>
         <input_file_ref idref="fl-9"/>
      </object_component>
      <object_component id="oc-7a">
         <name>.debug_aranges</name>
         <load_address>0x360</load_address>
         <run_address>0x360</run_address>
         <size>0x20</size>
         <input_file_ref idref="fl-a"/>
      </object_component>
      <object_component id="oc-80">
         <name>.debug_aranges</name>
         <load_address>0x380</load_address>
         <run_address>0x380</run_address>
         <size>0x20</size>
         <input_file_ref idref="fl-16"/>
      </object_component>
      <object_component id="oc-85">
         <name>.debug_aranges</name>
         <load_address>0x3a0</load_address>
         <run_address>0x3a0</run_address>
         <size>0x20</size>
         <input_file_ref idref="fl-17"/>
      </object_component>
      <object_component id="oc-8a">
         <name>.debug_aranges</name>
         <load_address>0x3c0</load_address>
         <run_address>0x3c0</run_address>
         <size>0x20</size>
         <input_file_ref idref="fl-18"/>
      </object_component>
      <object_component id="oc-91">
         <name>.debug_aranges</name>
         <load_address>0x3e0</load_address>
         <run_address>0x3e0</run_address>
         <size>0x28</size>
         <input_file_ref idref="fl-19"/>
      </object_component>
      <object_component id="oc-96">
         <name>.debug_aranges</name>
         <load_address>0x408</load_address>
         <run_address>0x408</run_address>
         <size>0x20</size>
         <input_file_ref idref="fl-1a"/>
      </object_component>
      <object_component id="oc-9b">
         <name>.debug_aranges</name>
         <load_address>0x428</load_address>
         <run_address>0x428</run_address>
         <size>0x20</size>
         <input_file_ref idref="fl-1b"/>
      </object_component>
      <object_component id="oc-a0">
         <name>.debug_aranges</name>
         <load_address>0x448</load_address>
         <run_address>0x448</run_address>
         <size>0x30</size>
         <input_file_ref idref="fl-1c"/>
      </object_component>
      <object_component id="oc-a5">
         <name>.debug_aranges</name>
         <load_address>0x478</load_address>
         <run_address>0x478</run_address>
         <size>0x20</size>
         <input_file_ref idref="fl-1d"/>
      </object_component>
      <object_component id="oc-59">
         <name>.debug_frame</name>
         <load_address>0x0</load_address>
         <run_address>0x0</run_address>
         <size>0xc28</size>
         <input_file_ref idref="fl-4"/>
      </object_component>
      <object_component id="oc-5e">
         <name>.debug_frame</name>
         <load_address>0xc28</load_address>
         <run_address>0xc28</run_address>
         <size>0x8c</size>
         <input_file_ref idref="fl-5"/>
      </object_component>
      <object_component id="oc-63">
         <name>.debug_frame</name>
         <load_address>0xcb4</load_address>
         <run_address>0xcb4</run_address>
         <size>0x8c</size>
         <input_file_ref idref="fl-6"/>
      </object_component>
      <object_component id="oc-68">
         <name>.debug_frame</name>
         <load_address>0xd40</load_address>
         <run_address>0xd40</run_address>
         <size>0x8c</size>
         <input_file_ref idref="fl-7"/>
      </object_component>
      <object_component id="oc-6d">
         <name>.debug_frame</name>
         <load_address>0xdcc</load_address>
         <run_address>0xdcc</run_address>
         <size>0x8c</size>
         <input_file_ref idref="fl-8"/>
      </object_component>
      <object_component id="oc-77">
         <name>.debug_frame</name>
         <load_address>0xe58</load_address>
         <run_address>0xe58</run_address>
         <size>0xa1</size>
         <input_file_ref idref="fl-a"/>
      </object_component>
      <object_component id="oc-82">
         <name>.debug_frame</name>
         <load_address>0xef9</load_address>
         <run_address>0xef9</run_address>
         <size>0xba</size>
         <input_file_ref idref="fl-17"/>
      </object_component>
      <object_component id="oc-8e">
         <name>.debug_frame</name>
         <load_address>0xfb3</load_address>
         <run_address>0xfb3</run_address>
         <size>0xbf</size>
         <input_file_ref idref="fl-19"/>
      </object_component>
      <object_component id="oc-93">
         <name>.debug_frame</name>
         <load_address>0x1072</load_address>
         <run_address>0x1072</run_address>
         <size>0xa1</size>
         <input_file_ref idref="fl-1a"/>
      </object_component>
      <object_component id="oc-98">
         <name>.debug_frame</name>
         <load_address>0x1113</load_address>
         <run_address>0x1113</run_address>
         <size>0xa1</size>
         <input_file_ref idref="fl-1b"/>
      </object_component>
      <object_component id="oc-9d">
         <name>.debug_frame</name>
         <load_address>0x11b4</load_address>
         <run_address>0x11b4</run_address>
         <size>0xcb</size>
         <input_file_ref idref="fl-1c"/>
      </object_component>
      <object_component id="oc-a2">
         <name>.debug_frame</name>
         <load_address>0x127f</load_address>
         <run_address>0x127f</run_address>
         <size>0xa1</size>
         <input_file_ref idref="fl-1d"/>
      </object_component>
   </object_component_list>
   <logical_group_list>
      <logical_group id="lg-2" display="no" color="cyan">
         <name>codestart</name>
         <load_address>0x0</load_address>
         <run_address>0x0</run_address>
         <size>0x2</size>
         <contents>
            <object_component_ref idref="oc-52"/>
         </contents>
      </logical_group>
      <logical_group id="lg-3" display="no" color="cyan">
         <name>ramfuncs</name>
         <load_address>0x801a</load_address>
         <run_address>0x801a</run_address>
         <size>0x4</size>
         <contents>
            <object_component_ref idref="oc-71"/>
         </contents>
      </logical_group>
      <logical_group id="lg-4" display="no" color="cyan">
         <name>.text</name>
         <load_address>0x9000</load_address>
         <run_address>0x9000</run_address>
         <size>0x430</size>
         <contents>
            <object_component_ref idref="oc-58"/>
            <object_component_ref idref="oc-4b"/>
            <object_component_ref idref="oc-a7"/>
            <object_component_ref idref="oc-aa"/>
            <object_component_ref idref="oc-86"/>
            <object_component_ref idref="oc-a9"/>
            <object_component_ref idref="oc-ae"/>
            <object_component_ref idref="oc-51"/>
            <object_component_ref idref="oc-a6"/>
            <object_component_ref idref="oc-ab"/>
            <object_component_ref idref="oc-a8"/>
         </contents>
      </logical_group>
      <logical_group id="lg-5" display="no" color="cyan">
         <name>.cinit</name>
         <load_address>0x8000</load_address>
         <run_address>0x8000</run_address>
         <size>0x1a</size>
         <contents>
            <object_component_ref idref="oc-8c"/>
            <object_component_ref idref="oc-ad"/>
            <object_component_ref idref="oc-af"/>
         </contents>
      </logical_group>
      <logical_group id="lg-6" display="no" color="cyan">
         <name>.pinit</name>
         <run_address>0x0</run_address>
         <size>0x0</size>
         <contents>
         </contents>
      </logical_group>
      <logical_group id="lg-7" display="no" color="cyan">
         <name>.switch</name>
         <run_address>0x0</run_address>
         <size>0x0</size>
         <contents>
         </contents>
      </logical_group>
      <logical_group id="lg-8" display="no" color="cyan">
         <name>.stack</name>
         <run_address>0x400</run_address>
         <size>0x300</size>
         <contents>
            <object_component_ref idref="oc-7b"/>
            <object_component_ref idref="oc-106"/>
         </contents>
      </logical_group>
      <logical_group id="lg-9" display="no" color="cyan">
         <name>.ebss</name>
         <run_address>0xc000</run_address>
         <size>0xa</size>
         <contents>
            <object_component_ref idref="oc-8d"/>
            <object_component_ref idref="oc-b0"/>
            <object_component_ref idref="oc-ac"/>
         </contents>
      </logical_group>
      <logical_group id="lg-a" display="no" color="cyan">
         <name>.econst</name>
         <run_address>0x0</run_address>
         <size>0x0</size>
         <contents>
         </contents>
      </logical_group>
      <logical_group id="lg-b" display="no" color="cyan">
         <name>.esysmem</name>
         <run_address>0x0</run_address>
         <size>0x0</size>
         <contents>
         </contents>
      </logical_group>
      <logical_group id="lg-c" display="no" color="cyan">
         <name>IQmath</name>
         <run_address>0x0</run_address>
         <size>0x0</size>
         <contents>
         </contents>
      </logical_group>
      <logical_group id="lg-d" display="no" color="cyan">
         <name>IQmathTables</name>
         <run_address>0x0</run_address>
         <size>0x0</size>
         <contents>
         </contents>
      </logical_group>
      <logical_group id="lg-e" display="no" color="cyan">
         <name>IQmathTables2</name>
         <run_address>0x0</run_address>
         <size>0x0</size>
         <contents>
         </contents>
      </logical_group>
      <logical_group id="lg-f" display="no" color="cyan">
         <name>FPUmathTables</name>
         <run_address>0x0</run_address>
         <size>0x0</size>
         <contents>
         </contents>
      </logical_group>
      <logical_group id="lg-10" display="no" color="cyan">
         <name>DMARAML4</name>
         <run_address>0x0</run_address>
         <size>0x0</size>
         <contents>
         </contents>
      </logical_group>
      <logical_group id="lg-11" display="no" color="cyan">
         <name>DMARAML5</name>
         <run_address>0x0</run_address>
         <size>0x0</size>
         <contents>
         </contents>
      </logical_group>
      <logical_group id="lg-12" display="no" color="cyan">
         <name>DMARAML6</name>
         <run_address>0x0</run_address>
         <size>0x0</size>
         <contents>
         </contents>
      </logical_group>
      <logical_group id="lg-13" display="no" color="cyan">
         <name>DMARAML7</name>
         <run_address>0x0</run_address>
         <size>0x0</size>
         <contents>
         </contents>
      </logical_group>
      <logical_group id="lg-14" display="no" color="cyan">
         <name>ZONE7DATA</name>
         <run_address>0x0</run_address>
         <size>0x0</size>
         <contents>
         </contents>
      </logical_group>
      <logical_group id="lg-15" display="no" color="cyan">
         <name>.reset</name>
         <load_address>0x3fffc0</load_address>
         <run_address>0x3fffc0</run_address>
         <size>0x2</size>
         <contents>
            <object_component_ref idref="oc-7c"/>
         </contents>
      </logical_group>
      <logical_group id="lg-16" display="no" color="cyan">
         <name>csm_rsvd</name>
         <run_address>0x33ff80</run_address>
         <size>0x0</size>
         <contents>
         </contents>
      </logical_group>
      <logical_group id="lg-17" display="no" color="cyan">
         <name>csmpasswds</name>
         <run_address>0x33fff8</run_address>
         <size>0x0</size>
         <contents>
         </contents>
      </logical_group>
      <logical_group id="lg-18" display="no" color="cyan">
         <name>.adc_cal</name>
         <load_address>0x380080</load_address>
         <run_address>0x380080</run_address>
         <size>0x7</size>
         <contents>
            <object_component_ref idref="oc-4c"/>
         </contents>
      </logical_group>
      <logical_group id="lg-19" display="no" color="cyan">
         <name>PieVectTableFile</name>
         <run_address>0x0</run_address>
         <size>0x0</size>
         <contents>
         </contents>
      </logical_group>
      <logical_group id="lg-1a" display="no" color="cyan">
         <name>DevEmuRegsFile</name>
         <run_address>0x0</run_address>
         <size>0x0</size>
         <contents>
         </contents>
      </logical_group>
      <logical_group id="lg-1b" display="no" color="cyan">
         <name>FlashRegsFile</name>
         <run_address>0x0</run_address>
         <size>0x0</size>
         <contents>
         </contents>
      </logical_group>
      <logical_group id="lg-1c" display="no" color="cyan">
         <name>CsmRegsFile</name>
         <run_address>0x0</run_address>
         <size>0x0</size>
         <contents>
         </contents>
      </logical_group>
      <logical_group id="lg-1d" display="no" color="cyan">
         <name>AdcMirrorFile</name>
         <run_address>0x0</run_address>
         <size>0x0</size>
         <contents>
         </contents>
      </logical_group>
      <logical_group id="lg-1e" display="no" color="cyan">
         <name>XintfRegsFile</name>
         <run_address>0x0</run_address>
         <size>0x0</size>
         <contents>
         </contents>
      </logical_group>
      <logical_group id="lg-1f" display="no" color="cyan">
         <name>CpuTimer0RegsFile</name>
         <run_address>0x0</run_address>
         <size>0x0</size>
         <contents>
         </contents>
      </logical_group>
      <logical_group id="lg-20" display="no" color="cyan">
         <name>CpuTimer1RegsFile</name>
         <run_address>0x0</run_address>
         <size>0x0</size>
         <contents>
         </contents>
      </logical_group>
      <logical_group id="lg-21" display="no" color="cyan">
         <name>CpuTimer2RegsFile</name>
         <run_address>0x0</run_address>
         <size>0x0</size>
         <contents>
         </contents>
      </logical_group>
      <logical_group id="lg-22" display="no" color="cyan">
         <name>PieCtrlRegsFile</name>
         <run_address>0x0</run_address>
         <size>0x0</size>
         <contents>
         </contents>
      </logical_group>
      <logical_group id="lg-23" display="no" color="cyan">
         <name>DmaRegsFile</name>
         <run_address>0x0</run_address>
         <size>0x0</size>
         <contents>
         </contents>
      </logical_group>
      <logical_group id="lg-24" display="no" color="cyan">
         <name>McbspaRegsFile</name>
         <run_address>0x0</run_address>
         <size>0x0</size>
         <contents>
         </contents>
      </logical_group>
      <logical_group id="lg-25" display="no" color="cyan">
         <name>McbspbRegsFile</name>
         <run_address>0x0</run_address>
         <size>0x0</size>
         <contents>
         </contents>
      </logical_group>
      <logical_group id="lg-26" display="no" color="cyan">
         <name>ECanaRegsFile</name>
         <run_address>0x0</run_address>
         <size>0x0</size>
         <contents>
         </contents>
      </logical_group>
      <logical_group id="lg-27" display="no" color="cyan">
         <name>ECanaLAMRegsFile</name>
         <run_address>0x0</run_address>
         <size>0x0</size>
         <contents>
         </contents>
      </logical_group>
      <logical_group id="lg-28" display="no" color="cyan">
         <name>ECanaMboxesFile</name>
         <run_address>0x0</run_address>
         <size>0x0</size>
         <contents>
         </contents>
      </logical_group>
      <logical_group id="lg-29" display="no" color="cyan">
         <name>ECanaMOTSRegsFile</name>
         <run_address>0x0</run_address>
         <size>0x0</size>
         <contents>
         </contents>
      </logical_group>
      <logical_group id="lg-2a" display="no" color="cyan">
         <name>ECanaMOTORegsFile</name>
         <run_address>0x0</run_address>
         <size>0x0</size>
         <contents>
         </contents>
      </logical_group>
      <logical_group id="lg-2b" display="no" color="cyan">
         <name>ECanbRegsFile</name>
         <run_address>0x0</run_address>
         <size>0x0</size>
         <contents>
         </contents>
      </logical_group>
      <logical_group id="lg-2c" display="no" color="cyan">
         <name>ECanbLAMRegsFile</name>
         <run_address>0x0</run_address>
         <size>0x0</size>
         <contents>
         </contents>
      </logical_group>
      <logical_group id="lg-2d" display="no" color="cyan">
         <name>ECanbMboxesFile</name>
         <run_address>0x0</run_address>
         <size>0x0</size>
         <contents>
         </contents>
      </logical_group>
      <logical_group id="lg-2e" display="no" color="cyan">
         <name>ECanbMOTSRegsFile</name>
         <run_address>0x0</run_address>
         <size>0x0</size>
         <contents>
         </contents>
      </logical_group>
      <logical_group id="lg-2f" display="no" color="cyan">
         <name>ECanbMOTORegsFile</name>
         <run_address>0x0</run_address>
         <size>0x0</size>
         <contents>
         </contents>
      </logical_group>
      <logical_group id="lg-30" display="no" color="cyan">
         <name>EPwm1RegsFile</name>
         <run_address>0x0</run_address>
         <size>0x0</size>
         <contents>
         </contents>
      </logical_group>
      <logical_group id="lg-31" display="no" color="cyan">
         <name>EPwm2RegsFile</name>
         <run_address>0x0</run_address>
         <size>0x0</size>
         <contents>
         </contents>
      </logical_group>
      <logical_group id="lg-32" display="no" color="cyan">
         <name>EPwm3RegsFile</name>
         <run_address>0x0</run_address>
         <size>0x0</size>
         <contents>
         </contents>
      </logical_group>
      <logical_group id="lg-33" display="no" color="cyan">
         <name>EPwm4RegsFile</name>
         <run_address>0x0</run_address>
         <size>0x0</size>
         <contents>
         </contents>
      </logical_group>
      <logical_group id="lg-34" display="no" color="cyan">
         <name>EPwm5RegsFile</name>
         <run_address>0x0</run_address>
         <size>0x0</size>
         <contents>
         </contents>
      </logical_group>
      <logical_group id="lg-35" display="no" color="cyan">
         <name>EPwm6RegsFile</name>
         <run_address>0x0</run_address>
         <size>0x0</size>
         <contents>
         </contents>
      </logical_group>
      <logical_group id="lg-36" display="no" color="cyan">
         <name>ECap1RegsFile</name>
         <run_address>0x0</run_address>
         <size>0x0</size>
         <contents>
         </contents>
      </logical_group>
      <logical_group id="lg-37" display="no" color="cyan">
         <name>ECap2RegsFile</name>
         <run_address>0x0</run_address>
         <size>0x0</size>
         <contents>
         </contents>
      </logical_group>
      <logical_group id="lg-38" display="no" color="cyan">
         <name>ECap3RegsFile</name>
         <run_address>0x0</run_address>
         <size>0x0</size>
         <contents>
         </contents>
      </logical_group>
      <logical_group id="lg-39" display="no" color="cyan">
         <name>ECap4RegsFile</name>
         <run_address>0x0</run_address>
         <size>0x0</size>
         <contents>
         </contents>
      </logical_group>
      <logical_group id="lg-3a" display="no" color="cyan">
         <name>ECap5RegsFile</name>
         <run_address>0x0</run_address>
         <size>0x0</size>
         <contents>
         </contents>
      </logical_group>
      <logical_group id="lg-3b" display="no" color="cyan">
         <name>ECap6RegsFile</name>
         <run_address>0x0</run_address>
         <size>0x0</size>
         <contents>
         </contents>
      </logical_group>
      <logical_group id="lg-3c" display="no" color="cyan">
         <name>EQep1RegsFile</name>
         <run_address>0x0</run_address>
         <size>0x0</size>
         <contents>
         </contents>
      </logical_group>
      <logical_group id="lg-3d" display="no" color="cyan">
         <name>EQep2RegsFile</name>
         <run_address>0x0</run_address>
         <size>0x0</size>
         <contents>
         </contents>
      </logical_group>
      <logical_group id="lg-3e" display="no" color="cyan">
         <name>GpioCtrlRegsFile</name>
         <run_address>0x0</run_address>
         <size>0x0</size>
         <contents>
         </contents>
      </logical_group>
      <logical_group id="lg-3f" display="no" color="cyan">
         <name>GpioDataRegsFile</name>
         <run_address>0x0</run_address>
         <size>0x0</size>
         <contents>
         </contents>
      </logical_group>
      <logical_group id="lg-40" display="no" color="cyan">
         <name>GpioIntRegsFile</name>
         <run_address>0x0</run_address>
         <size>0x0</size>
         <contents>
         </contents>
      </logical_group>
      <logical_group id="lg-41" display="no" color="cyan">
         <name>SysCtrlRegsFile</name>
         <run_address>0x0</run_address>
         <size>0x0</size>
         <contents>
         </contents>
      </logical_group>
      <logical_group id="lg-42" display="no" color="cyan">
         <name>SpiaRegsFile</name>
         <run_address>0x0</run_address>
         <size>0x0</size>
         <contents>
         </contents>
      </logical_group>
      <logical_group id="lg-43" display="no" color="cyan">
         <name>SciaRegsFile</name>
         <run_address>0x0</run_address>
         <size>0x0</size>
         <contents>
         </contents>
      </logical_group>
      <logical_group id="lg-44" display="no" color="cyan">
         <name>XIntruptRegsFile</name>
         <run_address>0x0</run_address>
         <size>0x0</size>
         <contents>
         </contents>
      </logical_group>
      <logical_group id="lg-45" display="no" color="cyan">
         <name>AdcRegsFile</name>
         <run_address>0x0</run_address>
         <size>0x0</size>
         <contents>
         </contents>
      </logical_group>
      <logical_group id="lg-46" display="no" color="cyan">
         <name>ScibRegsFile</name>
         <run_address>0x0</run_address>
         <size>0x0</size>
         <contents>
         </contents>
      </logical_group>
      <logical_group id="lg-47" display="no" color="cyan">
         <name>ScicRegsFile</name>
         <run_address>0x0</run_address>
         <size>0x0</size>
         <contents>
         </contents>
      </logical_group>
      <logical_group id="lg-48" display="no" color="cyan">
         <name>I2caRegsFile</name>
         <run_address>0x0</run_address>
         <size>0x0</size>
         <contents>
         </contents>
      </logical_group>
      <logical_group id="lg-49" display="no" color="cyan">
         <name>CsmPwlFile</name>
         <run_address>0x0</run_address>
         <size>0x0</size>
         <contents>
         </contents>
      </logical_group>
      <logical_group id="lg-b1" display="no" color="cyan">
         <name>.ppdata</name>
         <run_address>0x0</run_address>
         <size>0x0</size>
         <contents>
         </contents>
      </logical_group>
      <logical_group id="lg-fb" display="never" color="cyan">
         <name>.debug_info</name>
         <load_address>0x0</load_address>
         <run_address>0x0</run_address>
         <size>0xb8fa</size>
         <contents>
            <object_component_ref idref="oc-4d"/>
            <object_component_ref idref="oc-53"/>
            <object_component_ref idref="oc-57"/>
            <object_component_ref idref="oc-5d"/>
            <object_component_ref idref="oc-62"/>
            <object_component_ref idref="oc-67"/>
            <object_component_ref idref="oc-6c"/>
            <object_component_ref idref="oc-72"/>
            <object_component_ref idref="oc-76"/>
            <object_component_ref idref="oc-7d"/>
            <object_component_ref idref="oc-81"/>
            <object_component_ref idref="oc-87"/>
            <object_component_ref idref="oc-8b"/>
            <object_component_ref idref="oc-92"/>
            <object_component_ref idref="oc-97"/>
            <object_component_ref idref="oc-9c"/>
            <object_component_ref idref="oc-a1"/>
            <object_component_ref idref="oc-107"/>
         </contents>
      </logical_group>
      <logical_group id="lg-fd" display="never" color="cyan">
         <name>.debug_line</name>
         <load_address>0x0</load_address>
         <run_address>0x0</run_address>
         <size>0xcc9</size>
         <contents>
            <object_component_ref idref="oc-4e"/>
            <object_component_ref idref="oc-54"/>
            <object_component_ref idref="oc-5a"/>
            <object_component_ref idref="oc-5f"/>
            <object_component_ref idref="oc-64"/>
            <object_component_ref idref="oc-69"/>
            <object_component_ref idref="oc-6e"/>
            <object_component_ref idref="oc-73"/>
            <object_component_ref idref="oc-78"/>
            <object_component_ref idref="oc-7e"/>
            <object_component_ref idref="oc-83"/>
            <object_component_ref idref="oc-88"/>
            <object_component_ref idref="oc-8f"/>
            <object_component_ref idref="oc-94"/>
            <object_component_ref idref="oc-99"/>
            <object_component_ref idref="oc-9e"/>
            <object_component_ref idref="oc-a3"/>
         </contents>
      </logical_group>
      <logical_group id="lg-ff" display="never" color="cyan">
         <name>.debug_abbrev</name>
         <load_address>0x0</load_address>
         <run_address>0x0</run_address>
         <size>0xb36</size>
         <contents>
            <object_component_ref idref="oc-4f"/>
            <object_component_ref idref="oc-55"/>
            <object_component_ref idref="oc-5b"/>
            <object_component_ref idref="oc-60"/>
            <object_component_ref idref="oc-65"/>
            <object_component_ref idref="oc-6a"/>
            <object_component_ref idref="oc-6f"/>
            <object_component_ref idref="oc-74"/>
            <object_component_ref idref="oc-79"/>
            <object_component_ref idref="oc-7f"/>
            <object_component_ref idref="oc-84"/>
            <object_component_ref idref="oc-89"/>
            <object_component_ref idref="oc-90"/>
            <object_component_ref idref="oc-95"/>
            <object_component_ref idref="oc-9a"/>
            <object_component_ref idref="oc-9f"/>
            <object_component_ref idref="oc-a4"/>
            <object_component_ref idref="oc-108"/>
         </contents>
      </logical_group>
      <logical_group id="lg-101" display="never" color="cyan">
         <name>.debug_aranges</name>
         <load_address>0x0</load_address>
         <run_address>0x0</run_address>
         <size>0x498</size>
         <contents>
            <object_component_ref idref="oc-50"/>
            <object_component_ref idref="oc-56"/>
            <object_component_ref idref="oc-5c"/>
            <object_component_ref idref="oc-61"/>
            <object_component_ref idref="oc-66"/>
            <object_component_ref idref="oc-6b"/>
            <object_component_ref idref="oc-70"/>
            <object_component_ref idref="oc-75"/>
            <object_component_ref idref="oc-7a"/>
            <object_component_ref idref="oc-80"/>
            <object_component_ref idref="oc-85"/>
            <object_component_ref idref="oc-8a"/>
            <object_component_ref idref="oc-91"/>
            <object_component_ref idref="oc-96"/>
            <object_component_ref idref="oc-9b"/>
            <object_component_ref idref="oc-a0"/>
            <object_component_ref idref="oc-a5"/>
         </contents>
      </logical_group>
      <logical_group id="lg-103" display="never" color="cyan">
         <name>.debug_frame</name>
         <load_address>0x0</load_address>
         <run_address>0x0</run_address>
         <size>0x1320</size>
         <contents>
            <object_component_ref idref="oc-59"/>
            <object_component_ref idref="oc-5e"/>
            <object_component_ref idref="oc-63"/>
            <object_component_ref idref="oc-68"/>
            <object_component_ref idref="oc-6d"/>
            <object_component_ref idref="oc-77"/>
            <object_component_ref idref="oc-82"/>
            <object_component_ref idref="oc-8e"/>
            <object_component_ref idref="oc-93"/>
            <object_component_ref idref="oc-98"/>
            <object_component_ref idref="oc-9d"/>
            <object_component_ref idref="oc-a2"/>
         </contents>
      </logical_group>
   </logical_group_list>
   <placement_map>
      <memory_area display="no" color="green">
         <name>BEGIN</name>
         <page_id>0x0</page_id>
         <origin>0x0</origin>
         <length>0x2</length>
         <used_space>0x2</used_space>
         <unused_space>0x0</unused_space>
         <attributes>RWIX</attributes>
         <usage_details>
            <allocated_space>
               <start_address>0x0</start_address>
               <size>0x2</size>
               <logical_group_ref idref="lg-2"/>
            </allocated_space>
         </usage_details>
      </memory_area>
      <memory_area display="no" color="green">
         <name>BOOT_RSVD</name>
         <page_id>0x0</page_id>
         <origin>0x2</origin>
         <length>0x4e</length>
         <used_space>0x0</used_space>
         <unused_space>0x4e</unused_space>
         <attributes>RWIX</attributes>
         <usage_details>
         </usage_details>
      </memory_area>
      <memory_area display="yes" color="green">
         <name>RAMM0</name>
         <page_id>0x0</page_id>
         <origin>0x50</origin>
         <length>0x3b0</length>
         <used_space>0x0</used_space>
         <unused_space>0x3b0</unused_space>
         <attributes>RWIX</attributes>
         <usage_details>
         </usage_details>
      </memory_area>
      <memory_area display="yes" color="green">
         <name>RAML0</name>
         <page_id>0x0</page_id>
         <origin>0x8000</origin>
         <length>0x1000</length>
         <used_space>0x1e</used_space>
         <unused_space>0xfe2</unused_space>
         <attributes>RWIX</attributes>
         <usage_details>
            <allocated_space>
               <start_address>0x8000</start_address>
               <size>0x1a</size>
               <logical_group_ref idref="lg-5"/>
            </allocated_space>
            <allocated_space>
               <start_address>0x801a</start_address>
               <size>0x4</size>
               <logical_group_ref idref="lg-3"/>
            </allocated_space>
            <available_space>
               <start_address>0x801e</start_address>
               <size>0xfe2</size>
            </available_space>
         </usage_details>
      </memory_area>
      <memory_area display="yes" color="green">
         <name>RAML1</name>
         <page_id>0x0</page_id>
         <origin>0x9000</origin>
         <length>0x1000</length>
         <used_space>0x430</used_space>
         <unused_space>0xbd0</unused_space>
         <attributes>RWIX</attributes>
         <usage_details>
            <allocated_space>
               <start_address>0x9000</start_address>
               <size>0x430</size>
               <logical_group_ref idref="lg-4"/>
            </allocated_space>
            <available_space>
               <start_address>0x9430</start_address>
               <size>0xbd0</size>
            </available_space>
         </usage_details>
      </memory_area>
      <memory_area display="yes" color="green">
         <name>RAML2</name>
         <page_id>0x0</page_id>
         <origin>0xa000</origin>
         <length>0x1000</length>
         <used_space>0x0</used_space>
         <unused_space>0x1000</unused_space>
         <attributes>RWIX</attributes>
         <usage_details>
         </usage_details>
      </memory_area>
      <memory_area display="yes" color="green">
         <name>RAML3</name>
         <page_id>0x0</page_id>
         <origin>0xb000</origin>
         <length>0x1000</length>
         <used_space>0x0</used_space>
         <unused_space>0x1000</unused_space>
         <attributes>RWIX</attributes>
         <usage_details>
         </usage_details>
      </memory_area>
      <memory_area display="yes" color="green">
         <name>ZONE6A</name>
         <page_id>0x0</page_id>
         <origin>0x100000</origin>
         <length>0xfc00</length>
         <used_space>0x0</used_space>
         <unused_space>0xfc00</unused_space>
         <attributes>RWIX</attributes>
         <usage_details>
         </usage_details>
      </memory_area>
      <memory_area display="yes" color="green">
         <name>CSM_RSVD</name>
         <page_id>0x0</page_id>
         <origin>0x33ff80</origin>
         <length>0x76</length>
         <used_space>0x0</used_space>
         <unused_space>0x76</unused_space>
         <attributes>RWIX</attributes>
         <usage_details>
         </usage_details>
      </memory_area>
      <memory_area display="no" color="green">
         <name>CSM_PWL</name>
         <page_id>0x0</page_id>
         <origin>0x33fff8</origin>
         <length>0x8</length>
         <used_space>0x0</used_space>
         <unused_space>0x8</unused_space>
         <attributes>RWIX</attributes>
         <usage_details>
         </usage_details>
      </memory_area>
      <memory_area display="no" color="green">
         <name>ADC_CAL</name>
         <page_id>0x0</page_id>
         <origin>0x380080</origin>
         <length>0x9</length>
         <used_space>0x7</used_space>
         <unused_space>0x2</unused_space>
         <attributes>RWIX</attributes>
         <usage_details>
            <allocated_space>
               <start_address>0x380080</start_address>
               <size>0x7</size>
               <logical_group_ref idref="lg-18"/>
            </allocated_space>
            <available_space>
               <start_address>0x380087</start_address>
               <size>0x2</size>
            </available_space>
         </usage_details>
      </memory_area>
      <memory_area display="yes" color="green">
         <name>IQTABLES</name>
         <page_id>0x0</page_id>
         <origin>0x3fe000</origin>
         <length>0xb50</length>
         <used_space>0x0</used_space>
         <unused_space>0xb50</unused_space>
         <attributes>RWIX</attributes>
         <usage_details>
         </usage_details>
      </memory_area>
      <memory_area display="yes" color="green">
         <name>IQTABLES2</name>
         <page_id>0x0</page_id>
         <origin>0x3feb50</origin>
         <length>0x8c</length>
         <used_space>0x0</used_space>
         <unused_space>0x8c</unused_space>
         <attributes>RWIX</attributes>
         <usage_details>
         </usage_details>
      </memory_area>
      <memory_area display="yes" color="green">
         <name>FPUTABLES</name>
         <page_id>0x0</page_id>
         <origin>0x3febdc</origin>
         <length>0x6a0</length>
         <used_space>0x0</used_space>
         <unused_space>0x6a0</unused_space>
         <attributes>RWIX</attributes>
         <usage_details>
         </usage_details>
      </memory_area>
      <memory_area display="yes" color="green">
         <name>BOOTROM</name>
         <page_id>0x0</page_id>
         <origin>0x3ff27c</origin>
         <length>0xd44</length>
         <used_space>0x0</used_space>
         <unused_space>0xd44</unused_space>
         <attributes>RWIX</attributes>
         <usage_details>
         </usage_details>
      </memory_area>
      <memory_area display="no" color="green">
         <name>RESET</name>
         <page_id>0x0</page_id>
         <origin>0x3fffc0</origin>
         <length>0x2</length>
         <used_space>0x0</used_space>
         <unused_space>0x2</unused_space>
         <attributes>RWIX</attributes>
         <usage_details>
         </usage_details>
      </memory_area>
      <memory_area display="yes" color="green">
         <name>RAMM1</name>
         <page_id>0x1</page_id>
         <origin>0x400</origin>
         <length>0x400</length>
         <used_space>0x300</used_space>
         <unused_space>0x100</unused_space>
         <attributes>RWIX</attributes>
         <usage_details>
            <allocated_space>
               <start_address>0x400</start_address>
               <size>0x300</size>
               <logical_group_ref idref="lg-8"/>
            </allocated_space>
            <available_space>
               <start_address>0x700</start_address>
               <size>0x100</size>
            </available_space>
         </usage_details>
      </memory_area>
      <memory_area display="yes" color="green">
         <name>DEV_EMU</name>
         <page_id>0x1</page_id>
         <origin>0x880</origin>
         <length>0x180</length>
         <used_space>0x0</used_space>
         <unused_space>0x180</unused_space>
         <attributes>RWIX</attributes>
         <usage_details>
         </usage_details>
      </memory_area>
      <memory_area display="no" color="green">
         <name>FLASH_REGS</name>
         <page_id>0x1</page_id>
         <origin>0xa80</origin>
         <length>0x60</length>
         <used_space>0x0</used_space>
         <unused_space>0x60</unused_space>
         <attributes>RWIX</attributes>
         <usage_details>
         </usage_details>
      </memory_area>
      <memory_area display="no" color="green">
         <name>CSM</name>
         <page_id>0x1</page_id>
         <origin>0xae0</origin>
         <length>0x10</length>
         <used_space>0x0</used_space>
         <unused_space>0x10</unused_space>
         <attributes>RWIX</attributes>
         <usage_details>
         </usage_details>
      </memory_area>
      <memory_area display="no" color="green">
         <name>ADC_MIRROR</name>
         <page_id>0x1</page_id>
         <origin>0xb00</origin>
         <length>0x10</length>
         <used_space>0x0</used_space>
         <unused_space>0x10</unused_space>
         <attributes>RWIX</attributes>
         <usage_details>
         </usage_details>
      </memory_area>
      <memory_area display="no" color="green">
         <name>XINTF</name>
         <page_id>0x1</page_id>
         <origin>0xb20</origin>
         <length>0x20</length>
         <used_space>0x0</used_space>
         <unused_space>0x20</unused_space>
         <attributes>RWIX</attributes>
         <usage_details>
         </usage_details>
      </memory_area>
      <memory_area display="no" color="green">
         <name>CPU_TIMER0</name>
         <page_id>0x1</page_id>
         <origin>0xc00</origin>
         <length>0x8</length>
         <used_space>0x0</used_space>
         <unused_space>0x8</unused_space>
         <attributes>RWIX</attributes>
         <usage_details>
         </usage_details>
      </memory_area>
      <memory_area display="no" color="green">
         <name>CPU_TIMER1</name>
         <page_id>0x1</page_id>
         <origin>0xc08</origin>
         <length>0x8</length>
         <used_space>0x0</used_space>
         <unused_space>0x8</unused_space>
         <attributes>RWIX</attributes>
         <usage_details>
         </usage_details>
      </memory_area>
      <memory_area display="no" color="green">
         <name>CPU_TIMER2</name>
         <page_id>0x1</page_id>
         <origin>0xc10</origin>
         <length>0x8</length>
         <used_space>0x0</used_space>
         <unused_space>0x8</unused_space>
         <attributes>RWIX</attributes>
         <usage_details>
         </usage_details>
      </memory_area>
      <memory_area display="no" color="green">
         <name>PIE_CTRL</name>
         <page_id>0x1</page_id>
         <origin>0xce0</origin>
         <length>0x20</length>
         <used_space>0x0</used_space>
         <unused_space>0x20</unused_space>
         <attributes>RWIX</attributes>
         <usage_details>
         </usage_details>
      </memory_area>
      <memory_area display="yes" color="green">
         <name>PIE_VECT</name>
         <page_id>0x1</page_id>
         <origin>0xd00</origin>
         <length>0x100</length>
         <used_space>0x0</used_space>
         <unused_space>0x100</unused_space>
         <attributes>RWIX</attributes>
         <usage_details>
         </usage_details>
      </memory_area>
      <memory_area display="yes" color="green">
         <name>DMA</name>
         <page_id>0x1</page_id>
         <origin>0x1000</origin>
         <length>0x200</length>
         <used_space>0x0</used_space>
         <unused_space>0x200</unused_space>
         <attributes>RWIX</attributes>
         <usage_details>
         </usage_details>
      </memory_area>
      <memory_area display="no" color="green">
         <name>MCBSPA</name>
         <page_id>0x1</page_id>
         <origin>0x5000</origin>
         <length>0x40</length>
         <used_space>0x0</used_space>
         <unused_space>0x40</unused_space>
         <attributes>RWIX</attributes>
         <usage_details>
         </usage_details>
      </memory_area>
      <memory_area display="no" color="green">
         <name>MCBSPB</name>
         <page_id>0x1</page_id>
         <origin>0x5040</origin>
         <length>0x40</length>
         <used_space>0x0</used_space>
         <unused_space>0x40</unused_space>
         <attributes>RWIX</attributes>
         <usage_details>
         </usage_details>
      </memory_area>
      <memory_area display="no" color="green">
         <name>ECANA</name>
         <page_id>0x1</page_id>
         <origin>0x6000</origin>
         <length>0x40</length>
         <used_space>0x0</used_space>
         <unused_space>0x40</unused_space>
         <attributes>RWIX</attributes>
         <usage_details>
         </usage_details>
      </memory_area>
      <memory_area display="no" color="green">
         <name>ECANA_LAM</name>
         <page_id>0x1</page_id>
         <origin>0x6040</origin>
         <length>0x40</length>
         <used_space>0x0</used_space>
         <unused_space>0x40</unused_space>
         <attributes>RWIX</attributes>
         <usage_details>
         </usage_details>
      </memory_area>
      <memory_area display="no" color="green">
         <name>ECANA_MOTS</name>
         <page_id>0x1</page_id>
         <origin>0x6080</origin>
         <length>0x40</length>
         <used_space>0x0</used_space>
         <unused_space>0x40</unused_space>
         <attributes>RWIX</attributes>
         <usage_details>
         </usage_details>
      </memory_area>
      <memory_area display="no" color="green">
         <name>ECANA_MOTO</name>
         <page_id>0x1</page_id>
         <origin>0x60c0</origin>
         <length>0x40</length>
         <used_space>0x0</used_space>
         <unused_space>0x40</unused_space>
         <attributes>RWIX</attributes>
         <usage_details>
         </usage_details>
      </memory_area>
      <memory_area display="yes" color="green">
         <name>ECANA_MBOX</name>
         <page_id>0x1</page_id>
         <origin>0x6100</origin>
         <length>0x100</length>
         <used_space>0x0</used_space>
         <unused_space>0x100</unused_space>
         <attributes>RWIX</attributes>
         <usage_details>
         </usage_details>
      </memory_area>
      <memory_area display="no" color="green">
         <name>ECANB</name>
         <page_id>0x1</page_id>
         <origin>0x6200</origin>
         <length>0x40</length>
         <used_space>0x0</used_space>
         <unused_space>0x40</unused_space>
         <attributes>RWIX</attributes>
         <usage_details>
         </usage_details>
      </memory_area>
      <memory_area display="no" color="green">
         <name>ECANB_LAM</name>
         <page_id>0x1</page_id>
         <origin>0x6240</origin>
         <length>0x40</length>
         <used_space>0x0</used_space>
         <unused_space>0x40</unused_space>
         <attributes>RWIX</attributes>
         <usage_details>
         </usage_details>
      </memory_area>
      <memory_area display="no" color="green">
         <name>ECANB_MOTS</name>
         <page_id>0x1</page_id>
         <origin>0x6280</origin>
         <length>0x40</length>
         <used_space>0x0</used_space>
         <unused_space>0x40</unused_space>
         <attributes>RWIX</attributes>
         <usage_details>
         </usage_details>
      </memory_area>
      <memory_area display="no" color="green">
         <name>ECANB_MOTO</name>
         <page_id>0x1</page_id>
         <origin>0x62c0</origin>
         <length>0x40</length>
         <used_space>0x0</used_space>
         <unused_space>0x40</unused_space>
         <attributes>RWIX</attributes>
         <usage_details>
         </usage_details>
      </memory_area>
      <memory_area display="yes" color="green">
         <name>ECANB_MBOX</name>
         <page_id>0x1</page_id>
         <origin>0x6300</origin>
         <length>0x100</length>
         <used_space>0x0</used_space>
         <unused_space>0x100</unused_space>
         <attributes>RWIX</attributes>
         <usage_details>
         </usage_details>
      </memory_area>
      <memory_area display="no" color="green">
         <name>EPWM1</name>
         <page_id>0x1</page_id>
         <origin>0x6800</origin>
         <length>0x22</length>
         <used_space>0x0</used_space>
         <unused_space>0x22</unused_space>
         <attributes>RWIX</attributes>
         <usage_details>
         </usage_details>
      </memory_area>
      <memory_area display="no" color="green">
         <name>EPWM2</name>
         <page_id>0x1</page_id>
         <origin>0x6840</origin>
         <length>0x22</length>
         <used_space>0x0</used_space>
         <unused_space>0x22</unused_space>
         <attributes>RWIX</attributes>
         <usage_details>
         </usage_details>
      </memory_area>
      <memory_area display="no" color="green">
         <name>EPWM3</name>
         <page_id>0x1</page_id>
         <origin>0x6880</origin>
         <length>0x22</length>
         <used_space>0x0</used_space>
         <unused_space>0x22</unused_space>
         <attributes>RWIX</attributes>
         <usage_details>
         </usage_details>
      </memory_area>
      <memory_area display="no" color="green">
         <name>EPWM4</name>
         <page_id>0x1</page_id>
         <origin>0x68c0</origin>
         <length>0x22</length>
         <used_space>0x0</used_space>
         <unused_space>0x22</unused_space>
         <attributes>RWIX</attributes>
         <usage_details>
         </usage_details>
      </memory_area>
      <memory_area display="no" color="green">
         <name>EPWM5</name>
         <page_id>0x1</page_id>
         <origin>0x6900</origin>
         <length>0x22</length>
         <used_space>0x0</used_space>
         <unused_space>0x22</unused_space>
         <attributes>RWIX</attributes>
         <usage_details>
         </usage_details>
      </memory_area>
      <memory_area display="no" color="green">
         <name>EPWM6</name>
         <page_id>0x1</page_id>
         <origin>0x6940</origin>
         <length>0x22</length>
         <used_space>0x0</used_space>
         <unused_space>0x22</unused_space>
         <attributes>RWIX</attributes>
         <usage_details>
         </usage_details>
      </memory_area>
      <memory_area display="no" color="green">
         <name>ECAP1</name>
         <page_id>0x1</page_id>
         <origin>0x6a00</origin>
         <length>0x20</length>
         <used_space>0x0</used_space>
         <unused_space>0x20</unused_space>
         <attributes>RWIX</attributes>
         <usage_details>
         </usage_details>
      </memory_area>
      <memory_area display="no" color="green">
         <name>ECAP2</name>
         <page_id>0x1</page_id>
         <origin>0x6a20</origin>
         <length>0x20</length>
         <used_space>0x0</used_space>
         <unused_space>0x20</unused_space>
         <attributes>RWIX</attributes>
         <usage_details>
         </usage_details>
      </memory_area>
      <memory_area display="no" color="green">
         <name>ECAP3</name>
         <page_id>0x1</page_id>
         <origin>0x6a40</origin>
         <length>0x20</length>
         <used_space>0x0</used_space>
         <unused_space>0x20</unused_space>
         <attributes>RWIX</attributes>
         <usage_details>
         </usage_details>
      </memory_area>
      <memory_area display="no" color="green">
         <name>ECAP4</name>
         <page_id>0x1</page_id>
         <origin>0x6a60</origin>
         <length>0x20</length>
         <used_space>0x0</used_space>
         <unused_space>0x20</unused_space>
         <attributes>RWIX</attributes>
         <usage_details>
         </usage_details>
      </memory_area>
      <memory_area display="no" color="green">
         <name>ECAP5</name>
         <page_id>0x1</page_id>
         <origin>0x6a80</origin>
         <length>0x20</length>
         <used_space>0x0</used_space>
         <unused_space>0x20</unused_space>
         <attributes>RWIX</attributes>
         <usage_details>
         </usage_details>
      </memory_area>
      <memory_area display="no" color="green">
         <name>ECAP6</name>
         <page_id>0x1</page_id>
         <origin>0x6aa0</origin>
         <length>0x20</length>
         <used_space>0x0</used_space>
         <unused_space>0x20</unused_space>
         <attributes>RWIX</attributes>
         <usage_details>
         </usage_details>
      </memory_area>
      <memory_area display="no" color="green">
         <name>EQEP1</name>
         <page_id>0x1</page_id>
         <origin>0x6b00</origin>
         <length>0x40</length>
         <used_space>0x0</used_space>
         <unused_space>0x40</unused_space>
         <attributes>RWIX</attributes>
         <usage_details>
         </usage_details>
      </memory_area>
      <memory_area display="no" color="green">
         <name>EQEP2</name>
         <page_id>0x1</page_id>
         <origin>0x6b40</origin>
         <length>0x40</length>
         <used_space>0x0</used_space>
         <unused_space>0x40</unused_space>
         <attributes>RWIX</attributes>
         <usage_details>
         </usage_details>
      </memory_area>
      <memory_area display="no" color="green">
         <name>GPIOCTRL</name>
         <page_id>0x1</page_id>
         <origin>0x6f80</origin>
         <length>0x40</length>
         <used_space>0x0</used_space>
         <unused_space>0x40</unused_space>
         <attributes>RWIX</attributes>
         <usage_details>
         </usage_details>
      </memory_area>
      <memory_area display="no" color="green">
         <name>GPIODAT</name>
         <page_id>0x1</page_id>
         <origin>0x6fc0</origin>
         <length>0x20</length>
         <used_space>0x0</used_space>
         <unused_space>0x20</unused_space>
         <attributes>RWIX</attributes>
         <usage_details>
         </usage_details>
      </memory_area>
      <memory_area display="no" color="green">
         <name>GPIOINT</name>
         <page_id>0x1</page_id>
         <origin>0x6fe0</origin>
         <length>0x20</length>
         <used_space>0x0</used_space>
         <unused_space>0x20</unused_space>
         <attributes>RWIX</attributes>
         <usage_details>
         </usage_details>
      </memory_area>
      <memory_area display="no" color="green">
         <name>SYSTEM</name>
         <page_id>0x1</page_id>
         <origin>0x7010</origin>
         <length>0x20</length>
         <used_space>0x0</used_space>
         <unused_space>0x20</unused_space>
         <attributes>RWIX</attributes>
         <usage_details>
         </usage_details>
      </memory_area>
      <memory_area display="no" color="green">
         <name>SPIA</name>
         <page_id>0x1</page_id>
         <origin>0x7040</origin>
         <length>0x10</length>
         <used_space>0x0</used_space>
         <unused_space>0x10</unused_space>
         <attributes>RWIX</attributes>
         <usage_details>
         </usage_details>
      </memory_area>
      <memory_area display="no" color="green">
         <name>SCIA</name>
         <page_id>0x1</page_id>
         <origin>0x7050</origin>
         <length>0x10</length>
         <used_space>0x0</used_space>
         <unused_space>0x10</unused_space>
         <attributes>RWIX</attributes>
         <usage_details>
         </usage_details>
      </memory_area>
      <memory_area display="no" color="green">
         <name>XINTRUPT</name>
         <page_id>0x1</page_id>
         <origin>0x7070</origin>
         <length>0x10</length>
         <used_space>0x0</used_space>
         <unused_space>0x10</unused_space>
         <attributes>RWIX</attributes>
         <usage_details>
         </usage_details>
      </memory_area>
      <memory_area display="no" color="green">
         <name>ADC</name>
         <page_id>0x1</page_id>
         <origin>0x7100</origin>
         <length>0x20</length>
         <used_space>0x0</used_space>
         <unused_space>0x20</unused_space>
         <attributes>RWIX</attributes>
         <usage_details>
         </usage_details>
      </memory_area>
      <memory_area display="no" color="green">
         <name>SCIB</name>
         <page_id>0x1</page_id>
         <origin>0x7750</origin>
         <length>0x10</length>
         <used_space>0x0</used_space>
         <unused_space>0x10</unused_space>
         <attributes>RWIX</attributes>
         <usage_details>
         </usage_details>
      </memory_area>
      <memory_area display="no" color="green">
         <name>SCIC</name>
         <page_id>0x1</page_id>
         <origin>0x7770</origin>
         <length>0x10</length>
         <used_space>0x0</used_space>
         <unused_space>0x10</unused_space>
         <attributes>RWIX</attributes>
         <usage_details>
         </usage_details>
      </memory_area>
      <memory_area display="no" color="green">
         <name>I2CA</name>
         <page_id>0x1</page_id>
         <origin>0x7900</origin>
         <length>0x40</length>
         <used_space>0x0</used_space>
         <unused_space>0x40</unused_space>
         <attributes>RWIX</attributes>
         <usage_details>
         </usage_details>
      </memory_area>
      <memory_area display="yes" color="green">
         <name>RAML4</name>
         <page_id>0x1</page_id>
         <origin>0xc000</origin>
         <length>0x1000</length>
         <used_space>0xa</used_space>
         <unused_space>0xff6</unused_space>
         <attributes>RWIX</attributes>
         <usage_details>
            <allocated_space>
               <start_address>0xc000</start_address>
               <size>0xa</size>
               <logical_group_ref idref="lg-9"/>
            </allocated_space>
            <available_space>
               <start_address>0xc00a</start_address>
               <size>0xff6</size>
            </available_space>
         </usage_details>
      </memory_area>
      <memory_area display="yes" color="green">
         <name>RAML5</name>
         <page_id>0x1</page_id>
         <origin>0xd000</origin>
         <length>0x1000</length>
         <used_space>0x0</used_space>
         <unused_space>0x1000</unused_space>
         <attributes>RWIX</attributes>
         <usage_details>
         </usage_details>
      </memory_area>
      <memory_area display="yes" color="green">
         <name>RAML6</name>
         <page_id>0x1</page_id>
         <origin>0xe000</origin>
         <length>0x1000</length>
         <used_space>0x0</used_space>
         <unused_space>0x1000</unused_space>
         <attributes>RWIX</attributes>
         <usage_details>
         </usage_details>
      </memory_area>
      <memory_area display="yes" color="green">
         <name>RAML7</name>
         <page_id>0x1</page_id>
         <origin>0xf000</origin>
         <length>0x1000</length>
         <used_space>0x0</used_space>
         <unused_space>0x1000</unused_space>
         <attributes>RWIX</attributes>
         <usage_details>
         </usage_details>
      </memory_area>
      <memory_area display="yes" color="green">
         <name>ZONE7B</name>
         <page_id>0x1</page_id>
         <origin>0x20fc00</origin>
         <length>0x400</length>
         <used_space>0x0</used_space>
         <unused_space>0x400</unused_space>
         <attributes>RWIX</attributes>
         <usage_details>
         </usage_details>
      </memory_area>
      <memory_area display="no" color="green">
         <name>CSM_PWL</name>
         <page_id>0x1</page_id>
         <origin>0x33fff8</origin>
         <length>0x8</length>
         <used_space>0x0</used_space>
         <unused_space>0x8</unused_space>
         <attributes>RWIX</attributes>
         <usage_details>
         </usage_details>
      </memory_area>
   </placement_map>
   <symbol_table>
      <symbol id="sm-0">
         <name>cinit</name>
         <value>0x8000</value>
      </symbol>
      <symbol id="sm-1">
         <name>___cinit__</name>
         <value>0x8000</value>
      </symbol>
      <symbol id="sm-2">
         <name>pinit</name>
         <value>0xffffffff</value>
      </symbol>
      <symbol id="sm-3">
         <name>___pinit__</name>
         <value>0xffffffff</value>
      </symbol>
      <symbol id="sm-4">
         <name>binit</name>
         <value>0xffffffff</value>
      </symbol>
      <symbol id="sm-5">
         <name>___binit__</name>
         <value>0xffffffff</value>
      </symbol>
      <symbol id="sm-6">
         <name>__STACK_SIZE</name>
         <value>0x300</value>
      </symbol>
      <symbol id="sm-7">
         <name>__STACK_END</name>
         <value>0x700</value>
      </symbol>
      <symbol id="sm-8">
         <name>___c_args__</name>
         <value>0xffffffff</value>
      </symbol>
      <symbol id="sm-9">
         <name>.text</name>
         <value>0x9000</value>
      </symbol>
      <symbol id="sm-a">
         <name>___text__</name>
         <value>0x9000</value>
      </symbol>
      <symbol id="sm-b">
         <name>etext</name>
         <value>0x9430</value>
      </symbol>
      <symbol id="sm-c">
         <name>___etext__</name>
         <value>0x9430</value>
      </symbol>
      <symbol id="sm-d">
         <name>___TI_pprof_out_hndl</name>
         <value>0xffffffff</value>
      </symbol>
      <symbol id="sm-e">
         <name>___TI_prof_data_start</name>
         <value>0xffffffff</value>
      </symbol>
      <symbol id="sm-f">
         <name>___TI_prof_data_size</name>
         <value>0xffffffff</value>
      </symbol>
      <symbol id="sm-b7">
         <name>_ADC_cal</name>
         <value>0x380080</value>
         <object_component_ref idref="oc-4c"/>
      </symbol>
      <symbol id="sm-c7">
         <name>code_start</name>
         <value>0x0</value>
         <object_component_ref idref="oc-52"/>
      </symbol>
      <symbol id="sm-123">
         <name>_ILLEGAL_ISR</name>
         <value>0x903c</value>
         <object_component_ref idref="oc-58"/>
      </symbol>
      <symbol id="sm-124">
         <name>_EPWM6_INT_ISR</name>
         <value>0x9172</value>
         <object_component_ref idref="oc-58"/>
      </symbol>
      <symbol id="sm-125">
         <name>_DATALOG_ISR</name>
         <value>0x9014</value>
         <object_component_ref idref="oc-58"/>
      </symbol>
      <symbol id="sm-126">
         <name>_SPITXINTA_ISR</name>
         <value>0x91d6</value>
         <object_component_ref idref="oc-58"/>
      </symbol>
      <symbol id="sm-127">
         <name>_SPIRXINTA_ISR</name>
         <value>0x91cc</value>
         <object_component_ref idref="oc-58"/>
      </symbol>
      <symbol id="sm-128">
         <name>_DINTCH3_ISR</name>
         <value>0x921c</value>
         <object_component_ref idref="oc-58"/>
      </symbol>
      <symbol id="sm-129">
         <name>_XINT4_ISR</name>
         <value>0x92c6</value>
         <object_component_ref idref="oc-58"/>
      </symbol>
      <symbol id="sm-12a">
         <name>_SEQ1INT_ISR</name>
         <value>0x90be</value>
         <object_component_ref idref="oc-58"/>
      </symbol>
      <symbol id="sm-12b">
         <name>_ECAP3_INT_ISR</name>
         <value>0x9190</value>
         <object_component_ref idref="oc-58"/>
      </symbol>
      <symbol id="sm-12c">
         <name>_INT13_ISR</name>
         <value>0x9000</value>
         <object_component_ref idref="oc-58"/>
      </symbol>
      <symbol id="sm-12d">
         <name>_MXINTA_ISR</name>
         <value>0x91fe</value>
         <object_component_ref idref="oc-58"/>
      </symbol>
      <symbol id="sm-12e">
         <name>_EPWM4_INT_ISR</name>
         <value>0x915e</value>
         <object_component_ref idref="oc-58"/>
      </symbol>
      <symbol id="sm-12f">
         <name>_USER5_ISR</name>
         <value>0x906e</value>
         <object_component_ref idref="oc-58"/>
      </symbol>
      <symbol id="sm-130">
         <name>_XINT7_ISR</name>
         <value>0x92e4</value>
         <object_component_ref idref="oc-58"/>
      </symbol>
      <symbol id="sm-131">
         <name>_EMPTY_ISR</name>
         <value>0x9302</value>
         <object_component_ref idref="oc-58"/>
      </symbol>
      <symbol id="sm-132">
         <name>_EPWM5_TZINT_ISR</name>
         <value>0x912c</value>
         <object_component_ref idref="oc-58"/>
      </symbol>
      <symbol id="sm-133">
         <name>_EPWM4_TZINT_ISR</name>
         <value>0x9122</value>
         <object_component_ref idref="oc-58"/>
      </symbol>
      <symbol id="sm-134">
         <name>_ECAN0INTA_ISR</name>
         <value>0x9294</value>
         <object_component_ref idref="oc-58"/>
      </symbol>
      <symbol id="sm-135">
         <name>_EPWM6_TZINT_ISR</name>
         <value>0x9136</value>
         <object_component_ref idref="oc-58"/>
      </symbol>
      <symbol id="sm-136">
         <name>_EMUINT_ISR</name>
         <value>0x9028</value>
         <object_component_ref idref="oc-58"/>
      </symbol>
      <symbol id="sm-137">
         <name>_ECAP1_INT_ISR</name>
         <value>0x917c</value>
         <object_component_ref idref="oc-58"/>
      </symbol>
      <symbol id="sm-138">
         <name>_EPWM1_TZINT_ISR</name>
         <value>0x9104</value>
         <object_component_ref idref="oc-58"/>
      </symbol>
      <symbol id="sm-139">
         <name>_EQEP2_INT_ISR</name>
         <value>0x91c2</value>
         <object_component_ref idref="oc-58"/>
      </symbol>
      <symbol id="sm-13a">
         <name>_USER11_ISR</name>
         <value>0x90aa</value>
         <object_component_ref idref="oc-58"/>
      </symbol>
      <symbol id="sm-13b">
         <name>_EPWM3_TZINT_ISR</name>
         <value>0x9118</value>
         <object_component_ref idref="oc-58"/>
      </symbol>
      <symbol id="sm-13c">
         <name>_USER4_ISR</name>
         <value>0x9064</value>
         <object_component_ref idref="oc-58"/>
      </symbol>
      <symbol id="sm-13d">
         <name>_EPWM2_TZINT_ISR</name>
         <value>0x910e</value>
         <object_component_ref idref="oc-58"/>
      </symbol>
      <symbol id="sm-13e">
         <name>_XINT6_ISR</name>
         <value>0x92da</value>
         <object_component_ref idref="oc-58"/>
      </symbol>
      <symbol id="sm-13f">
         <name>_EPWM2_INT_ISR</name>
         <value>0x914a</value>
         <object_component_ref idref="oc-58"/>
      </symbol>
      <symbol id="sm-140">
         <name>_ECAN0INTB_ISR</name>
         <value>0x92a8</value>
         <object_component_ref idref="oc-58"/>
      </symbol>
      <symbol id="sm-141">
         <name>_TINT0_ISR</name>
         <value>0x90f0</value>
         <object_component_ref idref="oc-58"/>
      </symbol>
      <symbol id="sm-142">
         <name>_WAKEINT_ISR</name>
         <value>0x90fa</value>
         <object_component_ref idref="oc-58"/>
      </symbol>
      <symbol id="sm-143">
         <name>_DINTCH4_ISR</name>
         <value>0x9226</value>
         <object_component_ref idref="oc-58"/>
      </symbol>
      <symbol id="sm-144">
         <name>_USER10_ISR</name>
         <value>0x90a0</value>
         <object_component_ref idref="oc-58"/>
      </symbol>
      <symbol id="sm-145">
         <name>_USER7_ISR</name>
         <value>0x9082</value>
         <object_component_ref idref="oc-58"/>
      </symbol>
      <symbol id="sm-146">
         <name>_XINT1_ISR</name>
         <value>0x90d2</value>
         <object_component_ref idref="oc-58"/>
      </symbol>
      <symbol id="sm-147">
         <name>_ECAP6_INT_ISR</name>
         <value>0x91ae</value>
         <object_component_ref idref="oc-58"/>
      </symbol>
      <symbol id="sm-148">
         <name>_INT14_ISR</name>
         <value>0x900a</value>
         <object_component_ref idref="oc-58"/>
      </symbol>
      <symbol id="sm-149">
         <name>_MXINTB_ISR</name>
         <value>0x91ea</value>
         <object_component_ref idref="oc-58"/>
      </symbol>
      <symbol id="sm-14a">
         <name>_DINTCH5_ISR</name>
         <value>0x9230</value>
         <object_component_ref idref="oc-58"/>
      </symbol>
      <symbol id="sm-14b">
         <name>_USER6_ISR</name>
         <value>0x9078</value>
         <object_component_ref idref="oc-58"/>
      </symbol>
      <symbol id="sm-14c">
         <name>_ECAP4_INT_ISR</name>
         <value>0x919a</value>
         <object_component_ref idref="oc-58"/>
      </symbol>
      <symbol id="sm-14d">
         <name>_MRINTA_ISR</name>
         <value>0x91f4</value>
         <object_component_ref idref="oc-58"/>
      </symbol>
      <symbol id="sm-14e">
         <name>_DINTCH6_ISR</name>
         <value>0x923a</value>
         <object_component_ref idref="oc-58"/>
      </symbol>
      <symbol id="sm-14f">
         <name>_USER12_ISR</name>
         <value>0x90b4</value>
         <object_component_ref idref="oc-58"/>
      </symbol>
      <symbol id="sm-150">
         <name>_ADCINT_ISR</name>
         <value>0x90e6</value>
         <object_component_ref idref="oc-58"/>
      </symbol>
      <symbol id="sm-151">
         <name>_USER1_ISR</name>
         <value>0x9046</value>
         <object_component_ref idref="oc-58"/>
      </symbol>
      <symbol id="sm-152">
         <name>_XINT3_ISR</name>
         <value>0x92bc</value>
         <object_component_ref idref="oc-58"/>
      </symbol>
      <symbol id="sm-153">
         <name>_EPWM5_INT_ISR</name>
         <value>0x9168</value>
         <object_component_ref idref="oc-58"/>
      </symbol>
      <symbol id="sm-154">
         <name>_NMI_ISR</name>
         <value>0x9032</value>
         <object_component_ref idref="oc-58"/>
      </symbol>
      <symbol id="sm-155">
         <name>_SCITXINTB_ISR</name>
         <value>0x928a</value>
         <object_component_ref idref="oc-58"/>
      </symbol>
      <symbol id="sm-156">
         <name>_SCIRXINTB_ISR</name>
         <value>0x9280</value>
         <object_component_ref idref="oc-58"/>
      </symbol>
      <symbol id="sm-157">
         <name>_ECAN1INTA_ISR</name>
         <value>0x929e</value>
         <object_component_ref idref="oc-58"/>
      </symbol>
      <symbol id="sm-158">
         <name>_ECAP2_INT_ISR</name>
         <value>0x9186</value>
         <object_component_ref idref="oc-58"/>
      </symbol>
      <symbol id="sm-159">
         <name>_PIE_RESERVED</name>
         <value>0x930f</value>
         <object_component_ref idref="oc-58"/>
      </symbol>
      <symbol id="sm-15a">
         <name>_I2CINT1A_ISR</name>
         <value>0x9244</value>
         <object_component_ref idref="oc-58"/>
      </symbol>
      <symbol id="sm-15b">
         <name>_XINT2_ISR</name>
         <value>0x90dc</value>
         <object_component_ref idref="oc-58"/>
      </symbol>
      <symbol id="sm-15c">
         <name>_I2CINT2A_ISR</name>
         <value>0x924e</value>
         <object_component_ref idref="oc-58"/>
      </symbol>
      <symbol id="sm-15d">
         <name>_SCITXINTC_ISR</name>
         <value>0x9262</value>
         <object_component_ref idref="oc-58"/>
      </symbol>
      <symbol id="sm-15e">
         <name>_SCIRXINTC_ISR</name>
         <value>0x9258</value>
         <object_component_ref idref="oc-58"/>
      </symbol>
      <symbol id="sm-15f">
         <name>_RTOSINT_ISR</name>
         <value>0x901e</value>
         <object_component_ref idref="oc-58"/>
      </symbol>
      <symbol id="sm-160">
         <name>_EPWM3_INT_ISR</name>
         <value>0x9154</value>
         <object_component_ref idref="oc-58"/>
      </symbol>
      <symbol id="sm-161">
         <name>_ECAN1INTB_ISR</name>
         <value>0x92b2</value>
         <object_component_ref idref="oc-58"/>
      </symbol>
      <symbol id="sm-162">
         <name>_USER9_ISR</name>
         <value>0x9096</value>
         <object_component_ref idref="oc-58"/>
      </symbol>
      <symbol id="sm-163">
         <name>_USER3_ISR</name>
         <value>0x905a</value>
         <object_component_ref idref="oc-58"/>
      </symbol>
      <symbol id="sm-164">
         <name>_EQEP1_INT_ISR</name>
         <value>0x91b8</value>
         <object_component_ref idref="oc-58"/>
      </symbol>
      <symbol id="sm-165">
         <name>_MRINTB_ISR</name>
         <value>0x91e0</value>
         <object_component_ref idref="oc-58"/>
      </symbol>
      <symbol id="sm-166">
         <name>_DINTCH1_ISR</name>
         <value>0x9208</value>
         <object_component_ref idref="oc-58"/>
      </symbol>
      <symbol id="sm-167">
         <name>_USER8_ISR</name>
         <value>0x908c</value>
         <object_component_ref idref="oc-58"/>
      </symbol>
      <symbol id="sm-168">
         <name>_EPWM1_INT_ISR</name>
         <value>0x9140</value>
         <object_component_ref idref="oc-58"/>
      </symbol>
      <symbol id="sm-169">
         <name>_SEQ2INT_ISR</name>
         <value>0x90c8</value>
         <object_component_ref idref="oc-58"/>
      </symbol>
      <symbol id="sm-16a">
         <name>_USER2_ISR</name>
         <value>0x9050</value>
         <object_component_ref idref="oc-58"/>
      </symbol>
      <symbol id="sm-16b">
         <name>_LUF_ISR</name>
         <value>0x92f8</value>
         <object_component_ref idref="oc-58"/>
      </symbol>
      <symbol id="sm-16c">
         <name>_LVF_ISR</name>
         <value>0x92ee</value>
         <object_component_ref idref="oc-58"/>
      </symbol>
      <symbol id="sm-16d">
         <name>_SCITXINTA_ISR</name>
         <value>0x9276</value>
         <object_component_ref idref="oc-58"/>
      </symbol>
      <symbol id="sm-16e">
         <name>_SCIRXINTA_ISR</name>
         <value>0x926c</value>
         <object_component_ref idref="oc-58"/>
      </symbol>
      <symbol id="sm-16f">
         <name>_rsvd_ISR</name>
         <value>0x9319</value>
         <object_component_ref idref="oc-58"/>
      </symbol>
      <symbol id="sm-170">
         <name>_ECAP5_INT_ISR</name>
         <value>0x91a4</value>
         <object_component_ref idref="oc-58"/>
      </symbol>
      <symbol id="sm-171">
         <name>_DINTCH2_ISR</name>
         <value>0x9212</value>
         <object_component_ref idref="oc-58"/>
      </symbol>
      <symbol id="sm-172">
         <name>_XINT5_ISR</name>
         <value>0x92d0</value>
         <object_component_ref idref="oc-58"/>
      </symbol>
      <symbol id="sm-1a6">
         <name>_DSP28x_usDelay</name>
         <value>0x801a</value>
         <object_component_ref idref="oc-71"/>
      </symbol>
      <symbol id="sm-1b3">
         <name>_main</name>
         <value>0x942e</value>
         <object_component_ref idref="oc-ab"/>
      </symbol>
      <symbol id="sm-1d0">
         <name>_c_int00</name>
         <value>0x9323</value>
         <object_component_ref idref="oc-4b"/>
      </symbol>
      <symbol id="sm-1d1">
         <name>__stack</name>
         <value>0x400</value>
         <object_component_ref idref="oc-7b"/>
      </symbol>
      <symbol id="sm-1e7">
         <name>_copy_in</name>
         <value>0x9379</value>
         <object_component_ref idref="oc-a7"/>
      </symbol>
      <symbol id="sm-1f6">
         <name>_ppcopy</name>
         <value>0x93e8</value>
         <object_component_ref idref="oc-86"/>
      </symbol>
      <symbol id="sm-1f7">
         <name>_dpcopy</name>
         <value>0x93e8</value>
         <object_component_ref idref="oc-86"/>
      </symbol>
      <symbol id="sm-1f8">
         <name>_pdcopy</name>
         <value>0x93e8</value>
         <object_component_ref idref="oc-86"/>
      </symbol>
      <symbol id="sm-1f9">
         <name>_ddcopy</name>
         <value>0x93e8</value>
         <object_component_ref idref="oc-86"/>
      </symbol>
      <symbol id="sm-20e">
         <name>C$$EXIT</name>
         <value>0x93bf</value>
         <object_component_ref idref="oc-aa"/>
      </symbol>
      <symbol id="sm-20f">
         <name>_exit</name>
         <value>0x93c1</value>
         <object_component_ref idref="oc-aa"/>
      </symbol>
      <symbol id="sm-210">
         <name>___TI_cleanup_ptr</name>
         <value>0xc002</value>
         <object_component_ref idref="oc-8d"/>
      </symbol>
      <symbol id="sm-211">
         <name>___TI_enable_exit_profile_output</name>
         <value>0xc000</value>
         <object_component_ref idref="oc-8d"/>
      </symbol>
      <symbol id="sm-212">
         <name>_abort</name>
         <value>0x93bf</value>
         <object_component_ref idref="oc-aa"/>
      </symbol>
      <symbol id="sm-213">
         <name>___TI_dtors_ptr</name>
         <value>0xc004</value>
         <object_component_ref idref="oc-8d"/>
      </symbol>
      <symbol id="sm-220">
         <name>__system_pre_init</name>
         <value>0x942c</value>
         <object_component_ref idref="oc-a6"/>
      </symbol>
      <symbol id="sm-22d">
         <name>__system_post_cinit</name>
         <value>0x942f</value>
         <object_component_ref idref="oc-a8"/>
      </symbol>
      <symbol id="sm-242">
         <name>__unlock</name>
         <value>0xc008</value>
         <object_component_ref idref="oc-b0"/>
      </symbol>
      <symbol id="sm-243">
         <name>__lock</name>
         <value>0xc006</value>
         <object_component_ref idref="oc-ac"/>
      </symbol>
      <symbol id="sm-244">
         <name>__register_lock</name>
         <value>0x941f</value>
         <object_component_ref idref="oc-ae"/>
      </symbol>
      <symbol id="sm-245">
         <name>__nop</name>
         <value>0x9423</value>
         <object_component_ref idref="oc-ae"/>
      </symbol>
      <symbol id="sm-246">
         <name>__register_unlock</name>
         <value>0x941b</value>
         <object_component_ref idref="oc-ae"/>
      </symbol>
      <symbol id="sm-256">
         <name>__args_main</name>
         <value>0x9402</value>
         <object_component_ref idref="oc-a9"/>
      </symbol>
   </symbol_table>
   <title>Link successful</title>
</link_info>
